&&&& RUNNING TensorRT.trtexec [TensorRT v8201] # /usr/src/tensorrt/bin/trtexec --onnx=bev_unet.onnx --int8 --fp16 --workspace=1024 --iterations=50 --avgRuns=10 --timingCacheFile=timing.cache --saveEngine=bev_int8.engine
[09/26/2026-21:45:52] [I] === Model Options ===
[09/26/2026-21:45:52] [I] Format: ONNX
[09/26/2026-21:45:52] [I] Model: bev_unet.onnx
[09/26/2026-21:45:52] [I] Output:
[09/26/2026-21:45:52] [I] === Build Options ===
[09/26/2026-21:45:52] [I] Max batch: explicit batch
[09/26/2026-21:45:52] [I] Workspace: 1024 MiB
[09/26/2026-21:45:52] [I] minTiming: 1
[09/26/2026-21:45:52] [I] avgTiming: 8
[09/26/2026-21:45:52] [I] Precision: FP32+FP16+INT8
[09/26/2026-21:45:52] [I] Calibration: Dynamic
[09/26/2026-21:45:52] [I] Refit: Disabled
[09/26/2026-21:45:52] [I] Sparsity: Disabled
[09/26/2026-21:45:52] [I] Safe mode: Disabled
[09/26/2026-21:45:52] [I] DirectIO mode: Disabled
[09/26/2026-21:45:52] [I] Restricted mode: Disabled
[09/26/2026-21:45:52] [I] Save engine: bev_int8.engine
[09/26/2026-21:45:52] [I] Load engine: 
[09/26/2026-21:45:52] [I] Profiling verbosity: 0
[09/26/2026-21:45:52] [I] Tactic sources: Using default tactic sources
[09/26/2026-21:45:52] [I] timingCacheMode: global
[09/26/2026-21:45:52] [I] timingCacheFile: timing.cache
[09/26/2026-21:45:52] [I] Input(s)s format: fp32:CHW
[09/26/2026-21:45:52] [I] Output(s)s format: fp32:CHW
[09/26/2026-21:45:52] [I] Input build shapes: model
[09/26/2026-21:45:52] [I] Input calibration shapes: model
[09/26/2026-21:45:52] [I] === System Options ===
[09/26/2026-21:45:52] [I] Device: 0
[09/26/2026-21:45:52] [I] DLACore: 
[09/26/2026-21:45:52] [I] Plugins:
[09/26/2026-21:45:52] [I] === Inference Options ===
[09/26/2026-21:45:52] [I] Batch: Explicit
[09/26/2026-21:45:52] [I] Input inference shapes: model
[09/26/2026-21:45:52] [I] Iterations: 50
[09/26/2026-21:45:52] [I] Duration: 3s (+ 200ms warm up)
[09/26/2026-21:45:52] [I] Sleep time: 0ms
[09/26/2026-21:45:52] [I] Idle time: 0ms
[09/26/2026-21:45:52] [I] Streams: 1
[09/26/2026-21:45:52] [I] ExposeDMA: Disabled
[09/26/2026-21:45:52] [I] Data transfers: Enabled
[09/26/2026-21:45:52] [I] Spin-wait: Disabled
[09/26/2026-21:45:52] [I] Multithreading: Disabled
[09/26/2026-21:45:52] [I] CUDA Graph: Disabled
[09/26/2026-21:45:52] [I] Separate profiling: Disabled
[09/26/2026-21:45:52] [I] Time Deserialize: Disabled
[09/26/2026-21:45:52] [I] Time Refit: Disabled
[09/26/2026-21:45:52] [I] Skip inference: Disabled
[09/26/2026-21:45:52] [I] Inputs:
[09/26/2026-21:45:52] [I] === Reporting Options ===
[09/26/2026-21:45:52] [I] Verbose: Disabled
[09/26/2026-21:45:52] [I] Averages: 10 inferences
[09/26/2026-21:45:52] [I] Percentile: 99
[09/26/2026-21:45:52] [I] Dump refittable layers:Disabled
[09/26/2026-21:45:52] [I] Dump output: Disabled
[09/26/2026-21:45:52] [I] Profile: Disabled
[09/26/2026-21:45:52] [I] Export timing to JSON file: 
[09/26/2026-21:45:52] [I] Export output to JSON file: 
[09/26/2026-21:45:52] [I] Export profile to JSON file: 
[09/26/2026-21:45:52] [I] 
[09/26/2026-21:45:52] [I] === Device Information ===
[09/26/2026-21:45:52] [I] Selected Device: NVIDIA Tegra X1
[09/26/2026-21:45:52] [I] Compute Capability: 5.3
[09/26/2026-21:45:52] [I] SMs: 1
[09/26/2026-21:45:52] [I] Compute Clock Rate: 0.9216 GHz
[09/26/2026-21:45:52] [I] Device Global Memory: 3964 MiB
[09/26/2026-21:45:52] [I] Shared Memory per SM: 64 KiB
[09/26/2026-21:45:52] [I] Memory Bus Width: 64 bits (ECC disabled)
[09/26/2026-21:45:52] [I] Memory Clock Rate: 0.01275 GHz
[09/26/2026-21:45:52] [I] 
[09/26/2026-21:45:52] [I] TensorRT version: 8.2.1
[09/26/2026-21:45:54] [I] [TRT] [MemUsageChange] Init CUDA: CPU +229, GPU +0, now: CPU 248, GPU 2537 (MiB)
[09/26/2026-21:45:54] [I] [TRT] [MemUsageSnapshot] Begin constructing builder kernel library: CPU 248 MiB, GPU 2537 MiB
[09/26/2026-21:45:54] [I] [TRT] [MemUsageSnapshot] End constructing builder kernel library: CPU 278 MiB, GPU 2567 MiB
[09/26/2026-21:45:54] [I] Start parsing network model
[09/26/2026-21:45:54] [I] [TRT] ----------------------------------------------------------------
[09/26/2026-21:45:54] [I] [TRT] Input filename:   bev_unet.onnx
[09/26/2026-21:45:54] [I] [TRT] ONNX IR version:  0.0.6
[09/26/2026-21:45:54] [I] [TRT] Opset version:    11
[09/26/2026-21:45:54] [I] [TRT] Producer name:    pytorch
[09/26/2026-21:45:54] [I] [TRT] Producer version: 2.8.0
[09/26/2026-21:45:54] [I] [TRT] Domain:           
[09/26/2026-21:45:54] [I] [TRT] Model version:    0
[09/26/2026-21:45:54] [I] [TRT] Doc string:       
[09/26/2026-21:45:54] [I] [TRT] ----------------------------------------------------------------
[09/26/2026-21:45:54] [I] Finish parsing network model
[09/26/2026-21:45:54] [I] Loaded 24560 bytes of timing cache from timing.cache
[09/26/2026-21:45:54] [W] [TRT] Int8 support requested on hardware without native Int8 support, performance will be negatively affected.
[09/26/2026-21:45:54] [W] [TRT] Calibrator is not being used. Users must provide dynamic range for all tensors that are not Int32 or Bool.
[09/26/2026-21:45:54] [I] [TRT] ---------- Layers Running on DLA ----------
[09/26/2026-21:45:54] [I] [TRT] ---------- Layers Running on GPU ----------
[09/26/2026-21:45:54] [I] [TRT] [GpuLayer] /enc1/enc1.0/Conv + /enc1/enc1.2/Relu
[09/26/2026-21:45:54] [I] [TRT] [GpuLayer] /enc1/enc1.3/Conv + /enc1/enc1.5/Relu
[09/26/2026-21:45:54] [I] [TRT] [GpuLayer] /pool/MaxPool
[09/26/2026-21:45:54] [I] [TRT] [GpuLayer] /enc2/enc2.0/Conv + /enc2/enc2.2/Relu
[09/26/2026-21:45:54] [I] [TRT] [GpuLayer] /enc2/enc2.3/Conv + /enc2/enc2.5/Relu
[09/26/2026-21:45:54] [I] [TRT] [GpuLayer] /pool_1/MaxPool
[09/26/2026-21:45:54] [I] [TRT] [GpuLayer] /enc3/enc3.0/Conv + /enc3/enc3.2/Relu
[09/26/2026-21:45:54] [I] [TRT] [GpuLayer] /enc3/enc3.3/Conv + /enc3/enc3.5/Relu
[09/26/2026-21:45:54] [I] [TRT] [GpuLayer] /pool_2/MaxPool
[09/26/2026-21:45:54] [I] [TRT] [GpuLayer] /enc4/enc4.0/Conv + /enc4/enc4.2/Relu
[09/26/2026-21:45:54] [I] [TRT] [GpuLayer] /enc4/enc4.3/Conv + /enc4/enc4.5/Relu
[09/26/2026-21:45:54] [I] [TRT] [GpuLayer] /up3/ConvTranspose
[09/26/2026-21:45:54] [I] [TRT] [GpuLayer] /up3/ConvTranspose_output_0 copy
[09/26/2026-21:45:54] [I] [TRT] [GpuLayer] /enc3/enc3.5/Relu_output_0 copy
[09/26/2026-21:45:54] [I] [TRT] [GpuLayer] /dec3/dec3.0/Conv + /dec3/dec3.2/Relu
[09/26/2026-21:45:54] [I] [TRT] [GpuLayer] /dec3/dec3.3/Conv + /dec3/dec3.5/Relu
[09/26/2026-21:45:54] [I] [TRT] [GpuLayer] /up2/ConvTranspose
[09/26/2026-21:45:54] [I] [TRT] [GpuLayer] /up2/ConvTranspose_output_0 copy
[09/26/2026-21:45:54] [I] [TRT] [GpuLayer] /enc2/enc2.5/Relu_output_0 copy
[09/26/2026-21:45:54] [I] [TRT] [GpuLayer] /dec2/dec2.0/Conv + /dec2/dec2.2/Relu
[09/26/2026-21:45:54] [I] [TRT] [GpuLayer] /dec2/dec2.3/Conv + /dec2/dec2.5/Relu
[09/26/2026-21:45:54] [I] [TRT] [GpuLayer] /up1/ConvTranspose
[09/26/2026-21:45:54] [I] [TRT] [GpuLayer] /up1/ConvTranspose_output_0 copy
[09/26/2026-21:45:54] [I] [TRT] [GpuLayer] /enc1/enc1.5/Relu_output_0 copy
[09/26/2026-21:45:54] [I] [TRT] [GpuLayer] /dec1/dec1.0/Conv + /dec1/dec1.2/Relu
[09/26/2026-21:45:54] [I] [TRT] [GpuLayer] /dec1/dec1.3/Conv + /dec1/dec1.5/Relu
[09/26/2026-21:45:54] [I] [TRT] [GpuLayer] /head/Conv
[09/26/2026-21:45:55] [I] [TRT] [MemUsageChange] Init cuBLAS/cuBLASLt: CPU +158, GPU +146, now: CPU 443, GPU 2735 (MiB)
[09/26/2026-21:45:57] [I] [TRT] [MemUsageChange] Init cuDNN: CPU +241, GPU +241, now: CPU 684, GPU 2976 (MiB)
[09/26/2026-21:45:57] [I] [TRT] Global timing cache in use. Profiling results in this builder pass will be stored.
[09/26/2026-21:46:47] [I] [TRT] Detected 1 inputs and 1 output network tensors.
[09/26/2026-21:46:47] [I] [TRT] Total Host Persistent Memory: 11520
[09/26/2026-21:46:47] [I] [TRT] Total Device Persistent Memory: 11659776
[09/26/2026-21:46:47] [I] [TRT] Total Scratch Memory: 15360000
[09/26/2026-21:46:47] [I] [TRT] [MemUsageStats] Peak memory usage of TRT CPU/GPU memory allocators: CPU 3 MiB, GPU 70 MiB
[09/26/2026-21:46:47] [I] [TRT] [BlockAssignment] Algorithm ShiftNTopDown took 2.70278ms to assign 6 blocks to 30 nodes requiring 51200000 bytes.
[09/26/2026-21:46:47] [I] [TRT] Total Activation Memory: 51200000
[09/26/2026-21:46:47] [I] [TRT] [MemUsageChange] Init cuBLAS/cuBLASLt: CPU +0, GPU +0, now: CPU 692, GPU 2987 (MiB)
[09/26/2026-21:46:47] [I] [TRT] [MemUsageChange] Init cuDNN: CPU +0, GPU +0, now: CPU 692, GPU 2987 (MiB)
[09/26/2026-21:46:47] [I] [TRT] [MemUsageChange] TensorRT-managed allocation in building engine: CPU +3, GPU +16, now: CPU 3, GPU 16 (MiB)
[09/26/2026-21:46:47] [I] [TRT] [MemUsageChange] Init CUDA: CPU +0, GPU +0, now: CPU 700, GPU 2998 (MiB)
[09/26/2026-21:46:47] [I] [TRT] Loaded engine size: 11 MiB
[09/26/2026-21:46:47] [I] [TRT] [MemUsageChange] Init cuBLAS/cuBLASLt: CPU +0, GPU +0, now: CPU 700, GPU 2998 (MiB)
[09/26/2026-21:46:47] [I] [TRT] [MemUsageChange] Init cuDNN: CPU +0, GPU +0, now: CPU 700, GPU 2998 (MiB)
[09/26/2026-21:46:47] [I] [TRT] [MemUsageChange] TensorRT-managed allocation in engine deserialization: CPU +0, GPU +11, now: CPU 0, GPU 11 (MiB)
[09/26/2026-21:46:47] [I] Saved 38808 bytes of timing cache to timing.cache
[09/26/2026-21:46:47] [I] Engine built in 54.9362 sec.
[09/26/2026-21:46:47] [I] [TRT] [MemUsageChange] Init cuBLAS/cuBLASLt: CPU +0, GPU +0, now: CPU 652, GPU 2999 (MiB)
[09/26/2026-21:46:47] [I] [TRT] [MemUsageChange] Init cuDNN: CPU +0, GPU +0, now: CPU 652, GPU 2999 (MiB)
[09/26/2026-21:46:47] [I] [TRT] [MemUsageChange] TensorRT-managed allocation in IExecutionContext creation: CPU +0, GPU +60, now: CPU 0, GPU 71 (MiB)
[09/26/2026-21:46:47] [I] Using random values for input bev
[09/26/2026-21:46:47] [I] Created input binding for bev with dimensions 1x5x400x400
[09/26/2026-21:46:47] [I] Using random values for output logits
[09/26/2026-21:46:47] [I] Created output binding for logits with dimensions 1x8x400x400
[09/26/2026-21:46:47] [I] Starting inference
[09/26/2026-21:46:54] [I] Warmup completed 2 queries over 200 ms
[09/26/2026-21:46:54] [I] Timing trace has 50 queries over 6.47205 s
[09/26/2026-21:46:54] [I] 
[09/26/2026-21:46:54] [I] === Trace details ===
[09/26/2026-21:46:54] [I] Trace averages of 10 runs:
[09/26/2026-21:46:54] [I] Average on 10 runs - GPU latency: 128.562 ms - Host latency: 129.363 ms (end to end 129.375 ms, enqueue 1.19751 ms)
[09/26/2026-21:46:54] [I] Average on 10 runs - GPU latency: 128.484 ms - Host latency: 129.285 ms (end to end 129.298 ms, enqueue 1.13669 ms)
[09/26/2026-21:46:54] [I] Average on 10 runs - GPU latency: 128.903 ms - Host latency: 129.702 ms (end to end 129.715 ms, enqueue 1.11021 ms)
[09/26/2026-21:46:54] [I] Average on 10 runs - GPU latency: 128.56 ms - Host latency: 129.359 ms (end to end 129.372 ms, enqueue 1.13123 ms)
[09/26/2026-21:46:54] [I] Average on 10 runs - GPU latency: 128.628 ms - Host latency: 129.428 ms (end to end 129.44 ms, enqueue 1.14878 ms)
[09/26/2026-21:46:54] [I] 
[09/26/2026-21:46:54] [I] === Performance summary ===
[09/26/2026-21:46:54] [I] Throughput: 7.72553 qps
[09/26/2026-21:46:54] [I] Latency: min = 128.518 ms, max = 131.318 ms, mean = 129.427 ms, median = 129.42 ms, percentile(99%) = 131.318 ms
[09/26/2026-21:46:54] [I] End-to-End Host Latency: min = 128.531 ms, max = 131.331 ms, mean = 129.44 ms, median = 129.433 ms, percentile(99%) = 131.331 ms
[09/26/2026-21:46:54] [I] Enqueue Time: min = 1.08496 ms, max = 1.29022 ms, mean = 1.14488 ms, median = 1.13513 ms, percentile(99%) = 1.29022 ms
[09/26/2026-21:46:54] [I] H2D Latency: min = 0.306885 ms, max = 0.311157 ms, mean = 0.3088 ms, median = 0.308807 ms, percentile(99%) = 0.311157 ms
[09/26/2026-21:46:54] [I] GPU Compute Time: min = 127.72 ms, max = 130.516 ms, mean = 128.627 ms, median = 128.619 ms, percentile(99%) = 130.516 ms
[09/26/2026-21:46:54] [I] D2H Latency: min = 0.489258 ms, max = 0.493286 ms, mean = 0.491095 ms, median = 0.491211 ms, percentile(99%) = 0.493286 ms
[09/26/2026-21:46:54] [I] Total Host Walltime: 6.47205 s
[09/26/2026-21:46:54] [I] Total GPU Compute Time: 6.43137 s
[09/26/2026-21:46:54] [I] Explanations of the performance metrics are printed in the verbose logs.
[09/26/2026-21:46:54] [I] 
&&&& PASSED TensorRT.trtexec [TensorRT v8201] # /usr/src/tensorrt/bin/trtexec --onnx=bev_unet.onnx --int8 --fp16 --workspace=1024 --iterations=50 --avgRuns=10 --timingCacheFile=timing.cache --saveEngine=bev_int8.engine
