&&&& RUNNING TensorRT.trtexec [TensorRT v8201] # /usr/src/tensorrt/bin/trtexec --onnx=/home/aviad/bev/bev_unet.onnx --workspace=1024 --iterations=50 --avgRuns=10 --timingCacheFile=/home/aviad/bev/timing.cache --saveEngine=/home/aviad/bev/bev_fp16.engine --fp16
[09/26/2026-21:42:25] [I] === Model Options ===
[09/26/2026-21:42:25] [I] Format: ONNX
[09/26/2026-21:42:25] [I] Model: /home/aviad/bev/bev_unet.onnx
[09/26/2026-21:42:25] [I] Output:
[09/26/2026-21:42:25] [I] === Build Options ===
[09/26/2026-21:42:25] [I] Max batch: explicit batch
[09/26/2026-21:42:25] [I] Workspace: 1024 MiB
[09/26/2026-21:42:25] [I] minTiming: 1
[09/26/2026-21:42:25] [I] avgTiming: 8
[09/26/2026-21:42:25] [I] Precision: FP32+FP16
[09/26/2026-21:42:25] [I] Calibration: 
[09/26/2026-21:42:25] [I] Refit: Disabled
[09/26/2026-21:42:25] [I] Sparsity: Disabled
[09/26/2026-21:42:25] [I] Safe mode: Disabled
[09/26/2026-21:42:25] [I] DirectIO mode: Disabled
[09/26/2026-21:42:25] [I] Restricted mode: Disabled
[09/26/2026-21:42:25] [I] Save engine: /home/aviad/bev/bev_fp16.engine
[09/26/2026-21:42:25] [I] Load engine: 
[09/26/2026-21:42:25] [I] Profiling verbosity: 0
[09/26/2026-21:42:25] [I] Tactic sources: Using default tactic sources
[09/26/2026-21:42:25] [I] timingCacheMode: global
[09/26/2026-21:42:25] [I] timingCacheFile: /home/aviad/bev/timing.cache
[09/26/2026-21:42:25] [I] Input(s)s format: fp32:CHW
[09/26/2026-21:42:25] [I] Output(s)s format: fp32:CHW
[09/26/2026-21:42:25] [I] Input build shapes: model
[09/26/2026-21:42:25] [I] Input calibration shapes: model
[09/26/2026-21:42:25] [I] === System Options ===
[09/26/2026-21:42:25] [I] Device: 0
[09/26/2026-21:42:25] [I] DLACore: 
[09/26/2026-21:42:25] [I] Plugins:
[09/26/2026-21:42:25] [I] === Inference Options ===
[09/26/2026-21:42:25] [I] Batch: Explicit
[09/26/2026-21:42:25] [I] Input inference shapes: model
[09/26/2026-21:42:25] [I] Iterations: 50
[09/26/2026-21:42:25] [I] Duration: 3s (+ 200ms warm up)
[09/26/2026-21:42:25] [I] Sleep time: 0ms
[09/26/2026-21:42:25] [I] Idle time: 0ms
[09/26/2026-21:42:25] [I] Streams: 1
[09/26/2026-21:42:25] [I] ExposeDMA: Disabled
[09/26/2026-21:42:25] [I] Data transfers: Enabled
[09/26/2026-21:42:25] [I] Spin-wait: Disabled
[09/26/2026-21:42:25] [I] Multithreading: Disabled
[09/26/2026-21:42:25] [I] CUDA Graph: Disabled
[09/26/2026-21:42:25] [I] Separate profiling: Disabled
[09/26/2026-21:42:25] [I] Time Deserialize: Disabled
[09/26/2026-21:42:25] [I] Time Refit: Disabled
[09/26/2026-21:42:25] [I] Skip inference: Disabled
[09/26/2026-21:42:25] [I] Inputs:
[09/26/2026-21:42:25] [I] === Reporting Options ===
[09/26/2026-21:42:25] [I] Verbose: Disabled
[09/26/2026-21:42:25] [I] Averages: 10 inferences
[09/26/2026-21:42:25] [I] Percentile: 99
[09/26/2026-21:42:25] [I] Dump refittable layers:Disabled
[09/26/2026-21:42:25] [I] Dump output: Disabled
[09/26/2026-21:42:25] [I] Profile: Disabled
[09/26/2026-21:42:25] [I] Export timing to JSON file: 
[09/26/2026-21:42:25] [I] Export output to JSON file: 
[09/26/2026-21:42:25] [I] Export profile to JSON file: 
[09/26/2026-21:42:25] [I] 
[09/26/2026-21:42:25] [I] === Device Information ===
[09/26/2026-21:42:25] [I] Selected Device: NVIDIA Tegra X1
[09/26/2026-21:42:25] [I] Compute Capability: 5.3
[09/26/2026-21:42:25] [I] SMs: 1
[09/26/2026-21:42:25] [I] Compute Clock Rate: 0.9216 GHz
[09/26/2026-21:42:25] [I] Device Global Memory: 3964 MiB
[09/26/2026-21:42:25] [I] Shared Memory per SM: 64 KiB
[09/26/2026-21:42:25] [I] Memory Bus Width: 64 bits (ECC disabled)
[09/26/2026-21:42:25] [I] Memory Clock Rate: 0.01275 GHz
[09/26/2026-21:42:25] [I] 
[09/26/2026-21:42:25] [I] TensorRT version: 8.2.1
[09/26/2026-21:42:27] [I] [TRT] [MemUsageChange] Init CUDA: CPU +229, GPU +0, now: CPU 248, GPU 2536 (MiB)
[09/26/2026-21:42:27] [I] [TRT] [MemUsageSnapshot] Begin constructing builder kernel library: CPU 248 MiB, GPU 2536 MiB
[09/26/2026-21:42:27] [I] [TRT] [MemUsageSnapshot] End constructing builder kernel library: CPU 278 MiB, GPU 2566 MiB
[09/26/2026-21:42:27] [I] Start parsing network model
[09/26/2026-21:42:27] [I] [TRT] ----------------------------------------------------------------
[09/26/2026-21:42:27] [I] [TRT] Input filename:   /home/aviad/bev/bev_unet.onnx
[09/26/2026-21:42:27] [I] [TRT] ONNX IR version:  0.0.6
[09/26/2026-21:42:27] [I] [TRT] Opset version:    11
[09/26/2026-21:42:27] [I] [TRT] Producer name:    pytorch
[09/26/2026-21:42:27] [I] [TRT] Producer version: 2.8.0
[09/26/2026-21:42:27] [I] [TRT] Domain:           
[09/26/2026-21:42:27] [I] [TRT] Model version:    0
[09/26/2026-21:42:27] [I] [TRT] Doc string:       
[09/26/2026-21:42:27] [I] [TRT] ----------------------------------------------------------------
[09/26/2026-21:42:27] [I] Finish parsing network model
[09/26/2026-21:42:27] [I] Loaded 6776 bytes of timing cache from /home/aviad/bev/timing.cache
[09/26/2026-21:42:27] [I] [TRT] ---------- Layers Running on DLA ----------
[09/26/2026-21:42:27] [I] [TRT] ---------- Layers Running on GPU ----------
[09/26/2026-21:42:27] [I] [TRT] [GpuLayer] /enc1/enc1.0/Conv + /enc1/enc1.2/Relu
[09/26/2026-21:42:27] [I] [TRT] [GpuLayer] /enc1/enc1.3/Conv + /enc1/enc1.5/Relu
[09/26/2026-21:42:27] [I] [TRT] [GpuLayer] /pool/MaxPool
[09/26/2026-21:42:27] [I] [TRT] [GpuLayer] /enc2/enc2.0/Conv + /enc2/enc2.2/Relu
[09/26/2026-21:42:27] [I] [TRT] [GpuLayer] /enc2/enc2.3/Conv + /enc2/enc2.5/Relu
[09/26/2026-21:42:27] [I] [TRT] [GpuLayer] /pool_1/MaxPool
[09/26/2026-21:42:27] [I] [TRT] [GpuLayer] /enc3/enc3.0/Conv + /enc3/enc3.2/Relu
[09/26/2026-21:42:27] [I] [TRT] [GpuLayer] /enc3/enc3.3/Conv + /enc3/enc3.5/Relu
[09/26/2026-21:42:27] [I] [TRT] [GpuLayer] /pool_2/MaxPool
[09/26/2026-21:42:27] [I] [TRT] [GpuLayer] /enc4/enc4.0/Conv + /enc4/enc4.2/Relu
[09/26/2026-21:42:27] [I] [TRT] [GpuLayer] /enc4/enc4.3/Conv + /enc4/enc4.5/Relu
[09/26/2026-21:42:27] [I] [TRT] [GpuLayer] /up3/ConvTranspose
[09/26/2026-21:42:27] [I] [TRT] [GpuLayer] /up3/ConvTranspose_output_0 copy
[09/26/2026-21:42:27] [I] [TRT] [GpuLayer] /enc3/enc3.5/Relu_output_0 copy
[09/26/2026-21:42:27] [I] [TRT] [GpuLayer] /dec3/dec3.0/Conv + /dec3/dec3.2/Relu
[09/26/2026-21:42:27] [I] [TRT] [GpuLayer] /dec3/dec3.3/Conv + /dec3/dec3.5/Relu
[09/26/2026-21:42:27] [I] [TRT] [GpuLayer] /up2/ConvTranspose
[09/26/2026-21:42:27] [I] [TRT] [GpuLayer] /up2/ConvTranspose_output_0 copy
[09/26/2026-21:42:27] [I] [TRT] [GpuLayer] /enc2/enc2.5/Relu_output_0 copy
[09/26/2026-21:42:27] [I] [TRT] [GpuLayer] /dec2/dec2.0/Conv + /dec2/dec2.2/Relu
[09/26/2026-21:42:27] [I] [TRT] [GpuLayer] /dec2/dec2.3/Conv + /dec2/dec2.5/Relu
[09/26/2026-21:42:27] [I] [TRT] [GpuLayer] /up1/ConvTranspose
[09/26/2026-21:42:27] [I] [TRT] [GpuLayer] /up1/ConvTranspose_output_0 copy
[09/26/2026-21:42:27] [I] [TRT] [GpuLayer] /enc1/enc1.5/Relu_output_0 copy
[09/26/2026-21:42:27] [I] [TRT] [GpuLayer] /dec1/dec1.0/Conv + /dec1/dec1.2/Relu
[09/26/2026-21:42:27] [I] [TRT] [GpuLayer] /dec1/dec1.3/Conv + /dec1/dec1.5/Relu
[09/26/2026-21:42:27] [I] [TRT] [GpuLayer] /head/Conv
[09/26/2026-21:42:28] [I] [TRT] [MemUsageChange] Init cuBLAS/cuBLASLt: CPU +158, GPU +150, now: CPU 443, GPU 2738 (MiB)
[09/26/2026-21:42:30] [I] [TRT] [MemUsageChange] Init cuDNN: CPU +241, GPU +236, now: CPU 684, GPU 2974 (MiB)
[09/26/2026-21:42:30] [I] [TRT] Global timing cache in use. Profiling results in this builder pass will be stored.
[09/26/2026-21:43:30] [I] [TRT] Some tactics do not have sufficient workspace memory to run. Increasing workspace size may increase performance, please check verbose output.
[09/26/2026-21:45:17] [I] [TRT] Detected 1 inputs and 1 output network tensors.
[09/26/2026-21:45:17] [I] [TRT] Total Host Persistent Memory: 11520
[09/26/2026-21:45:17] [I] [TRT] Total Device Persistent Memory: 11659776
[09/26/2026-21:45:17] [I] [TRT] Total Scratch Memory: 15360000
[09/26/2026-21:45:17] [I] [TRT] [MemUsageStats] Peak memory usage of TRT CPU/GPU memory allocators: CPU 3 MiB, GPU 290 MiB
[09/26/2026-21:45:17] [I] [TRT] [BlockAssignment] Algorithm ShiftNTopDown took 2.58636ms to assign 6 blocks to 30 nodes requiring 51200000 bytes.
[09/26/2026-21:45:17] [I] [TRT] Total Activation Memory: 51200000
[09/26/2026-21:45:17] [I] [TRT] [MemUsageChange] Init cuBLAS/cuBLASLt: CPU +0, GPU +0, now: CPU 931, GPU 3261 (MiB)
[09/26/2026-21:45:17] [I] [TRT] [MemUsageChange] Init cuDNN: CPU +0, GPU +0, now: CPU 931, GPU 3261 (MiB)
[09/26/2026-21:45:17] [I] [TRT] [MemUsageChange] TensorRT-managed allocation in building engine: CPU +3, GPU +16, now: CPU 3, GPU 16 (MiB)
[09/26/2026-21:45:17] [I] [TRT] [MemUsageChange] Init CUDA: CPU +0, GPU +0, now: CPU 938, GPU 3273 (MiB)
[09/26/2026-21:45:17] [I] [TRT] Loaded engine size: 11 MiB
[09/26/2026-21:45:17] [I] [TRT] [MemUsageChange] Init cuBLAS/cuBLASLt: CPU +0, GPU +0, now: CPU 938, GPU 3273 (MiB)
[09/26/2026-21:45:17] [I] [TRT] [MemUsageChange] Init cuDNN: CPU +1, GPU +0, now: CPU 939, GPU 3273 (MiB)
[09/26/2026-21:45:17] [I] [TRT] [MemUsageChange] TensorRT-managed allocation in engine deserialization: CPU +0, GPU +11, now: CPU 0, GPU 11 (MiB)
[09/26/2026-21:45:17] [I] Saved 24560 bytes of timing cache to /home/aviad/bev/timing.cache
[09/26/2026-21:45:17] [I] Engine built in 171.966 sec.
[09/26/2026-21:45:17] [I] [TRT] [MemUsageChange] Init cuBLAS/cuBLASLt: CPU +0, GPU +0, now: CPU 902, GPU 3274 (MiB)
[09/26/2026-21:45:17] [I] [TRT] [MemUsageChange] Init cuDNN: CPU +0, GPU +0, now: CPU 902, GPU 3274 (MiB)
[09/26/2026-21:45:17] [I] [TRT] [MemUsageChange] TensorRT-managed allocation in IExecutionContext creation: CPU +0, GPU +60, now: CPU 0, GPU 71 (MiB)
[09/26/2026-21:45:17] [I] Using random values for input bev
[09/26/2026-21:45:17] [I] Created input binding for bev with dimensions 1x5x400x400
[09/26/2026-21:45:17] [I] Using random values for output logits
[09/26/2026-21:45:17] [I] Created output binding for logits with dimensions 1x8x400x400
[09/26/2026-21:45:17] [I] Starting inference
[09/26/2026-21:45:24] [I] Warmup completed 2 queries over 200 ms
[09/26/2026-21:45:24] [I] Timing trace has 50 queries over 6.46939 s
[09/26/2026-21:45:24] [I] 
[09/26/2026-21:45:24] [I] === Trace details ===
[09/26/2026-21:45:24] [I] Trace averages of 10 runs:
[09/26/2026-21:45:24] [I] Average on 10 runs - GPU latency: 128.849 ms - Host latency: 129.651 ms (end to end 129.664 ms, enqueue 1.21913 ms)
[09/26/2026-21:45:24] [I] Average on 10 runs - GPU latency: 128.361 ms - Host latency: 129.162 ms (end to end 129.175 ms, enqueue 1.19167 ms)
[09/26/2026-21:45:24] [I] Average on 10 runs - GPU latency: 128.699 ms - Host latency: 129.5 ms (end to end 129.513 ms, enqueue 1.15688 ms)
[09/26/2026-21:45:24] [I] Average on 10 runs - GPU latency: 128.754 ms - Host latency: 129.556 ms (end to end 129.568 ms, enqueue 1.19111 ms)
[09/26/2026-21:45:24] [I] Average on 10 runs - GPU latency: 128.202 ms - Host latency: 129.004 ms (end to end 129.016 ms, enqueue 1.20435 ms)
[09/26/2026-21:45:24] [I] 
[09/26/2026-21:45:24] [I] === Performance summary ===
[09/26/2026-21:45:24] [I] Throughput: 7.72871 qps
[09/26/2026-21:45:24] [I] Latency: min = 128.462 ms, max = 131.288 ms, mean = 129.375 ms, median = 129.175 ms, percentile(99%) = 131.288 ms
[09/26/2026-21:45:24] [I] End-to-End Host Latency: min = 128.47 ms, max = 131.299 ms, mean = 129.387 ms, median = 129.187 ms, percentile(99%) = 131.299 ms
[09/26/2026-21:45:24] [I] Enqueue Time: min = 1.12183 ms, max = 1.42529 ms, mean = 1.19263 ms, median = 1.17474 ms, percentile(99%) = 1.42529 ms
[09/26/2026-21:45:24] [I] H2D Latency: min = 0.306396 ms, max = 0.311035 ms, mean = 0.309213 ms, median = 0.30957 ms, percentile(99%) = 0.311035 ms
[09/26/2026-21:45:24] [I] GPU Compute Time: min = 127.663 ms, max = 130.486 ms, mean = 128.573 ms, median = 128.373 ms, percentile(99%) = 130.486 ms
[09/26/2026-21:45:24] [I] D2H Latency: min = 0.489746 ms, max = 0.495239 ms, mean = 0.492166 ms, median = 0.492188 ms, percentile(99%) = 0.495239 ms
[09/26/2026-21:45:24] [I] Total Host Walltime: 6.46939 s
[09/26/2026-21:45:24] [I] Total GPU Compute Time: 6.42866 s
[09/26/2026-21:45:24] [I] Explanations of the performance metrics are printed in the verbose logs.
[09/26/2026-21:45:24] [I] 
&&&& PASSED TensorRT.trtexec [TensorRT v8201] # /usr/src/tensorrt/bin/trtexec --onnx=/home/aviad/bev/bev_unet.onnx --workspace=1024 --iterations=50 --avgRuns=10 --timingCacheFile=/home/aviad/bev/timing.cache --saveEngine=/home/aviad/bev/bev_fp16.engine --fp16
