&&&& RUNNING TensorRT.trtexec [TensorRT v8201] # /usr/src/tensorrt/bin/trtexec --onnx=/home/aviad/bev/bev_unet.onnx --workspace=1024 --iterations=50 --avgRuns=10 --timingCacheFile=/home/aviad/bev/timing.cache --saveEngine=/home/aviad/bev/bev_fp32.engine
[09/26/2026-21:38:03] [I] === Model Options ===
[09/26/2026-21:38:03] [I] Format: ONNX
[09/26/2026-21:38:03] [I] Model: /home/aviad/bev/bev_unet.onnx
[09/26/2026-21:38:03] [I] Output:
[09/26/2026-21:38:03] [I] === Build Options ===
[09/26/2026-21:38:03] [I] Max batch: explicit batch
[09/26/2026-21:38:03] [I] Workspace: 1024 MiB
[09/26/2026-21:38:03] [I] minTiming: 1
[09/26/2026-21:38:03] [I] avgTiming: 8
[09/26/2026-21:38:03] [I] Precision: FP32
[09/26/2026-21:38:03] [I] Calibration: 
[09/26/2026-21:38:03] [I] Refit: Disabled
[09/26/2026-21:38:03] [I] Sparsity: Disabled
[09/26/2026-21:38:03] [I] Safe mode: Disabled
[09/26/2026-21:38:03] [I] DirectIO mode: Disabled
[09/26/2026-21:38:03] [I] Restricted mode: Disabled
[09/26/2026-21:38:03] [I] Save engine: /home/aviad/bev/bev_fp32.engine
[09/26/2026-21:38:03] [I] Load engine: 
[09/26/2026-21:38:03] [I] Profiling verbosity: 0
[09/26/2026-21:38:03] [I] Tactic sources: Using default tactic sources
[09/26/2026-21:38:03] [I] timingCacheMode: global
[09/26/2026-21:38:03] [I] timingCacheFile: /home/aviad/bev/timing.cache
[09/26/2026-21:38:03] [I] Input(s)s format: fp32:CHW
[09/26/2026-21:38:03] [I] Output(s)s format: fp32:CHW
[09/26/2026-21:38:03] [I] Input build shapes: model
[09/26/2026-21:38:03] [I] Input calibration shapes: model
[09/26/2026-21:38:03] [I] === System Options ===
[09/26/2026-21:38:03] [I] Device: 0
[09/26/2026-21:38:03] [I] DLACore: 
[09/26/2026-21:38:03] [I] Plugins:
[09/26/2026-21:38:03] [I] === Inference Options ===
[09/26/2026-21:38:03] [I] Batch: Explicit
[09/26/2026-21:38:03] [I] Input inference shapes: model
[09/26/2026-21:38:03] [I] Iterations: 50
[09/26/2026-21:38:03] [I] Duration: 3s (+ 200ms warm up)
[09/26/2026-21:38:03] [I] Sleep time: 0ms
[09/26/2026-21:38:03] [I] Idle time: 0ms
[09/26/2026-21:38:03] [I] Streams: 1
[09/26/2026-21:38:03] [I] ExposeDMA: Disabled
[09/26/2026-21:38:03] [I] Data transfers: Enabled
[09/26/2026-21:38:03] [I] Spin-wait: Disabled
[09/26/2026-21:38:03] [I] Multithreading: Disabled
[09/26/2026-21:38:03] [I] CUDA Graph: Disabled
[09/26/2026-21:38:03] [I] Separate profiling: Disabled
[09/26/2026-21:38:03] [I] Time Deserialize: Disabled
[09/26/2026-21:38:03] [I] Time Refit: Disabled
[09/26/2026-21:38:03] [I] Skip inference: Disabled
[09/26/2026-21:38:03] [I] Inputs:
[09/26/2026-21:38:03] [I] === Reporting Options ===
[09/26/2026-21:38:03] [I] Verbose: Disabled
[09/26/2026-21:38:03] [I] Averages: 10 inferences
[09/26/2026-21:38:03] [I] Percentile: 99
[09/26/2026-21:38:03] [I] Dump refittable layers:Disabled
[09/26/2026-21:38:03] [I] Dump output: Disabled
[09/26/2026-21:38:03] [I] Profile: Disabled
[09/26/2026-21:38:03] [I] Export timing to JSON file: 
[09/26/2026-21:38:03] [I] Export output to JSON file: 
[09/26/2026-21:38:03] [I] Export profile to JSON file: 
[09/26/2026-21:38:03] [I] 
[09/26/2026-21:38:03] [I] === Device Information ===
[09/26/2026-21:38:03] [I] Selected Device: NVIDIA Tegra X1
[09/26/2026-21:38:03] [I] Compute Capability: 5.3
[09/26/2026-21:38:03] [I] SMs: 1
[09/26/2026-21:38:03] [I] Compute Clock Rate: 0.9216 GHz
[09/26/2026-21:38:03] [I] Device Global Memory: 3964 MiB
[09/26/2026-21:38:03] [I] Shared Memory per SM: 64 KiB
[09/26/2026-21:38:03] [I] Memory Bus Width: 64 bits (ECC disabled)
[09/26/2026-21:38:03] [I] Memory Clock Rate: 0.01275 GHz
[09/26/2026-21:38:03] [I] 
[09/26/2026-21:38:03] [I] TensorRT version: 8.2.1
[09/26/2026-21:38:05] [I] [TRT] [MemUsageChange] Init CUDA: CPU +229, GPU +0, now: CPU 248, GPU 2493 (MiB)
[09/26/2026-21:38:05] [I] [TRT] [MemUsageSnapshot] Begin constructing builder kernel library: CPU 248 MiB, GPU 2522 MiB
[09/26/2026-21:38:05] [I] [TRT] [MemUsageSnapshot] End constructing builder kernel library: CPU 277 MiB, GPU 2546 MiB
[09/26/2026-21:38:05] [I] Start parsing network model
[09/26/2026-21:38:05] [I] [TRT] ----------------------------------------------------------------
[09/26/2026-21:38:05] [I] [TRT] Input filename:   /home/aviad/bev/bev_unet.onnx
[09/26/2026-21:38:05] [I] [TRT] ONNX IR version:  0.0.6
[09/26/2026-21:38:05] [I] [TRT] Opset version:    11
[09/26/2026-21:38:05] [I] [TRT] Producer name:    pytorch
[09/26/2026-21:38:05] [I] [TRT] Producer version: 2.8.0
[09/26/2026-21:38:05] [I] [TRT] Domain:           
[09/26/2026-21:38:05] [I] [TRT] Model version:    0
[09/26/2026-21:38:05] [I] [TRT] Doc string:       
[09/26/2026-21:38:05] [I] [TRT] ----------------------------------------------------------------
[09/26/2026-21:38:06] [I] Finish parsing network model
[09/26/2026-21:38:06] [W] Could not read timing cache from: /home/aviad/bev/timing.cache. A new timing cache will be generated and written.
[09/26/2026-21:38:06] [I] [TRT] ---------- Layers Running on DLA ----------
[09/26/2026-21:38:06] [I] [TRT] ---------- Layers Running on GPU ----------
[09/26/2026-21:38:06] [I] [TRT] [GpuLayer] /enc1/enc1.0/Conv + /enc1/enc1.2/Relu
[09/26/2026-21:38:06] [I] [TRT] [GpuLayer] /enc1/enc1.3/Conv + /enc1/enc1.5/Relu
[09/26/2026-21:38:06] [I] [TRT] [GpuLayer] /pool/MaxPool
[09/26/2026-21:38:06] [I] [TRT] [GpuLayer] /enc2/enc2.0/Conv + /enc2/enc2.2/Relu
[09/26/2026-21:38:06] [I] [TRT] [GpuLayer] /enc2/enc2.3/Conv + /enc2/enc2.5/Relu
[09/26/2026-21:38:06] [I] [TRT] [GpuLayer] /pool_1/MaxPool
[09/26/2026-21:38:06] [I] [TRT] [GpuLayer] /enc3/enc3.0/Conv + /enc3/enc3.2/Relu
[09/26/2026-21:38:06] [I] [TRT] [GpuLayer] /enc3/enc3.3/Conv + /enc3/enc3.5/Relu
[09/26/2026-21:38:06] [I] [TRT] [GpuLayer] /pool_2/MaxPool
[09/26/2026-21:38:06] [I] [TRT] [GpuLayer] /enc4/enc4.0/Conv + /enc4/enc4.2/Relu
[09/26/2026-21:38:06] [I] [TRT] [GpuLayer] /enc4/enc4.3/Conv + /enc4/enc4.5/Relu
[09/26/2026-21:38:06] [I] [TRT] [GpuLayer] /up3/ConvTranspose
[09/26/2026-21:38:06] [I] [TRT] [GpuLayer] /up3/ConvTranspose_output_0 copy
[09/26/2026-21:38:06] [I] [TRT] [GpuLayer] /enc3/enc3.5/Relu_output_0 copy
[09/26/2026-21:38:06] [I] [TRT] [GpuLayer] /dec3/dec3.0/Conv + /dec3/dec3.2/Relu
[09/26/2026-21:38:06] [I] [TRT] [GpuLayer] /dec3/dec3.3/Conv + /dec3/dec3.5/Relu
[09/26/2026-21:38:06] [I] [TRT] [GpuLayer] /up2/ConvTranspose
[09/26/2026-21:38:06] [I] [TRT] [GpuLayer] /up2/ConvTranspose_output_0 copy
[09/26/2026-21:38:06] [I] [TRT] [GpuLayer] /enc2/enc2.5/Relu_output_0 copy
[09/26/2026-21:38:06] [I] [TRT] [GpuLayer] /dec2/dec2.0/Conv + /dec2/dec2.2/Relu
[09/26/2026-21:38:06] [I] [TRT] [GpuLayer] /dec2/dec2.3/Conv + /dec2/dec2.5/Relu
[09/26/2026-21:38:06] [I] [TRT] [GpuLayer] /up1/ConvTranspose
[09/26/2026-21:38:06] [I] [TRT] [GpuLayer] /up1/ConvTranspose_output_0 copy
[09/26/2026-21:38:06] [I] [TRT] [GpuLayer] /enc1/enc1.5/Relu_output_0 copy
[09/26/2026-21:38:06] [I] [TRT] [GpuLayer] /dec1/dec1.0/Conv + /dec1/dec1.2/Relu
[09/26/2026-21:38:06] [I] [TRT] [GpuLayer] /dec1/dec1.3/Conv + /dec1/dec1.5/Relu
[09/26/2026-21:38:06] [I] [TRT] [GpuLayer] /head/Conv
[09/26/2026-21:38:06] [I] [TRT] [MemUsageChange] Init cuBLAS/cuBLASLt: CPU +158, GPU +146, now: CPU 443, GPU 2715 (MiB)
[09/26/2026-21:38:08] [I] [TRT] [MemUsageChange] Init cuDNN: CPU +241, GPU +239, now: CPU 684, GPU 2954 (MiB)
[09/26/2026-21:38:08] [I] [TRT] Global timing cache in use. Profiling results in this builder pass will be stored.
[09/26/2026-21:38:56] [I] [TRT] Some tactics do not have sufficient workspace memory to run. Increasing workspace size may increase performance, please check verbose output.
[09/26/2026-21:42:14] [I] [TRT] Detected 1 inputs and 1 output network tensors.
[09/26/2026-21:42:14] [I] [TRT] Total Host Persistent Memory: 11552
[09/26/2026-21:42:14] [I] [TRT] Total Device Persistent Memory: 21391360
[09/26/2026-21:42:14] [I] [TRT] Total Scratch Memory: 15360000
[09/26/2026-21:42:14] [I] [TRT] [MemUsageStats] Peak memory usage of TRT CPU/GPU memory allocators: CPU 2 MiB, GPU 422 MiB
[09/26/2026-21:42:14] [I] [TRT] [BlockAssignment] Algorithm ShiftNTopDown took 1.80633ms to assign 6 blocks to 25 nodes requiring 99840000 bytes.
[09/26/2026-21:42:14] [I] [TRT] Total Activation Memory: 99840000
[09/26/2026-21:42:14] [I] [TRT] [MemUsageChange] Init cuBLAS/cuBLASLt: CPU +0, GPU +0, now: CPU 929, GPU 3425 (MiB)
[09/26/2026-21:42:14] [I] [TRT] [MemUsageChange] Init cuDNN: CPU +0, GPU +0, now: CPU 929, GPU 3425 (MiB)
[09/26/2026-21:42:14] [I] [TRT] [MemUsageChange] TensorRT-managed allocation in building engine: CPU +0, GPU +32, now: CPU 0, GPU 32 (MiB)
[09/26/2026-21:42:14] [I] [TRT] [MemUsageChange] Init CUDA: CPU +0, GPU +0, now: CPU 950, GPU 3446 (MiB)
[09/26/2026-21:42:14] [I] [TRT] Loaded engine size: 21 MiB
[09/26/2026-21:42:14] [I] [TRT] [MemUsageChange] Init cuBLAS/cuBLASLt: CPU +0, GPU +0, now: CPU 950, GPU 3446 (MiB)
[09/26/2026-21:42:14] [I] [TRT] [MemUsageChange] Init cuDNN: CPU +0, GPU +0, now: CPU 950, GPU 3446 (MiB)
[09/26/2026-21:42:14] [I] [TRT] [MemUsageChange] TensorRT-managed allocation in engine deserialization: CPU +0, GPU +21, now: CPU 0, GPU 21 (MiB)
[09/26/2026-21:42:14] [I] Saved 6776 bytes of timing cache to /home/aviad/bev/timing.cache
[09/26/2026-21:42:14] [I] Engine built in 250.469 sec.
[09/26/2026-21:42:14] [I] [TRT] [MemUsageChange] Init cuBLAS/cuBLASLt: CPU +0, GPU +0, now: CPU 892, GPU 3446 (MiB)
[09/26/2026-21:42:14] [I] [TRT] [MemUsageChange] Init cuDNN: CPU +0, GPU +0, now: CPU 892, GPU 3446 (MiB)
[09/26/2026-21:42:14] [I] [TRT] [MemUsageChange] TensorRT-managed allocation in IExecutionContext creation: CPU +0, GPU +115, now: CPU 0, GPU 136 (MiB)
[09/26/2026-21:42:14] [I] Using random values for input bev
[09/26/2026-21:42:14] [I] Created input binding for bev with dimensions 1x5x400x400
[09/26/2026-21:42:14] [I] Using random values for output logits
[09/26/2026-21:42:14] [I] Created output binding for logits with dimensions 1x8x400x400
[09/26/2026-21:42:14] [I] Starting inference
[09/26/2026-21:42:25] [I] Warmup completed 1 queries over 200 ms
[09/26/2026-21:42:25] [I] Timing trace has 50 queries over 10.5429 s
[09/26/2026-21:42:25] [I] 
[09/26/2026-21:42:25] [I] === Trace details ===
[09/26/2026-21:42:25] [I] Trace averages of 10 runs:
[09/26/2026-21:42:25] [I] Average on 10 runs - GPU latency: 210.007 ms - Host latency: 210.807 ms (end to end 210.82 ms, enqueue 1.23224 ms)
[09/26/2026-21:42:25] [I] Average on 10 runs - GPU latency: 210.695 ms - Host latency: 211.494 ms (end to end 211.506 ms, enqueue 1.14487 ms)
[09/26/2026-21:42:25] [I] Average on 10 runs - GPU latency: 209.237 ms - Host latency: 210.037 ms (end to end 210.049 ms, enqueue 1.09414 ms)
[09/26/2026-21:42:25] [I] Average on 10 runs - GPU latency: 209.942 ms - Host latency: 210.741 ms (end to end 210.754 ms, enqueue 1.10684 ms)
[09/26/2026-21:42:25] [I] Average on 10 runs - GPU latency: 210.338 ms - Host latency: 211.143 ms (end to end 211.155 ms, enqueue 1.17842 ms)
[09/26/2026-21:42:25] [I] 
[09/26/2026-21:42:25] [I] === Performance summary ===
[09/26/2026-21:42:25] [I] Throughput: 4.74254 qps
[09/26/2026-21:42:25] [I] Latency: min = 208.517 ms, max = 214.823 ms, mean = 210.844 ms, median = 210.478 ms, percentile(99%) = 214.823 ms
[09/26/2026-21:42:25] [I] End-to-End Host Latency: min = 208.53 ms, max = 214.835 ms, mean = 210.857 ms, median = 210.491 ms, percentile(99%) = 214.835 ms
[09/26/2026-21:42:25] [I] Enqueue Time: min = 1.0498 ms, max = 1.49219 ms, mean = 1.1513 ms, median = 1.12219 ms, percentile(99%) = 1.49219 ms
[09/26/2026-21:42:25] [I] H2D Latency: min = 0.306641 ms, max = 0.326172 ms, mean = 0.309511 ms, median = 0.309082 ms, percentile(99%) = 0.326172 ms
[09/26/2026-21:42:25] [I] GPU Compute Time: min = 207.719 ms, max = 214.022 ms, mean = 210.044 ms, median = 209.679 ms, percentile(99%) = 214.022 ms
[09/26/2026-21:42:25] [I] D2H Latency: min = 0.488281 ms, max = 0.522461 ms, mean = 0.491069 ms, median = 0.490112 ms, percentile(99%) = 0.522461 ms
[09/26/2026-21:42:25] [I] Total Host Walltime: 10.5429 s
[09/26/2026-21:42:25] [I] Total GPU Compute Time: 10.5022 s
[09/26/2026-21:42:25] [I] Explanations of the performance metrics are printed in the verbose logs.
[09/26/2026-21:42:25] [I] 
&&&& PASSED TensorRT.trtexec [TensorRT v8201] # /usr/src/tensorrt/bin/trtexec --onnx=/home/aviad/bev/bev_unet.onnx --workspace=1024 --iterations=50 --avgRuns=10 --timingCacheFile=/home/aviad/bev/timing.cache --saveEngine=/home/aviad/bev/bev_fp32.engine
